I'm sorry, but errors were detected in your script. Please correct the
errors listed below, and try again.


File "game/script.rpy", line 13: expected statement.
    bg main_menu
                ^

Ren'Py Version: Ren'Py 8.2.0.24012702
Mon Feb 19 02:52:20 2024
